
****** Vitis HLS - High-Level Synthesis from C, C++ and OpenCL v2023.2 (64-bit)
  **** SW Build 4023990 on Oct 11 2023
  **** IP Build 4028589 on Sat Oct 14 00:45:43 MDT 2023
  **** SharedData Build 4025554 on Tue Oct 10 17:18:54 MDT 2023
    ** Copyright 1986-2022 Xilinx, Inc. All Rights Reserved.
    ** Copyright 2022-2023 Advanced Micro Devices, Inc. All Rights Reserved.

source /tools/Xilinx/Vitis_HLS/2023.2/scripts/vitis_hls/hls.tcl -notrace
INFO: [HLS 200-10] Running '/tools/Xilinx/Vitis_HLS/2023.2/bin/unwrapped/lnx64.o/vitis_hls'
INFO: [HLS 200-10] For user 'hadynata' on host 'hadynata-IdeaPad-Gaming-3-15IAH7' (Linux_x86_64 version 6.8.0-136-generic) on Sun Aug 02 17:48:50 WIB 2026
INFO: [HLS 200-10] On os Ubuntu 22.04.5 LTS
INFO: [HLS 200-10] In directory '/home/hadynata/vs-code-data/uav-fpga/uav-sim/fpga/hls'
INFO: [HLS 200-2053] The vitis_hls executable is being deprecated. Consider using vitis-run --mode hls --tcl
Sourcing Tcl script 'build_hls.tcl'
INFO: [HLS 200-1510] Running: open_project -reset prj_path_planner 
INFO: [HLS 200-10] Creating and opening project '/home/hadynata/vs-code-data/uav-fpga/uav-sim/fpga/hls/prj_path_planner'.
INFO: [HLS 200-1510] Running: set_top path_planner_3d 
INFO: [HLS 200-1510] Running: add_files src/path_planner_3d.cpp 
INFO: [HLS 200-10] Adding design file 'src/path_planner_3d.cpp' to the project
INFO: [HLS 200-1510] Running: add_files src/path_planner_3d.hpp 
INFO: [HLS 200-10] Adding design file 'src/path_planner_3d.hpp' to the project
INFO: [HLS 200-1510] Running: add_files -tb tb/tb_path_planner.cpp 
INFO: [HLS 200-10] Adding test bench file 'tb/tb_path_planner.cpp' to the project
INFO: [HLS 200-1510] Running: open_solution -reset solution1 
INFO: [HLS 200-10] Creating and opening solution '/home/hadynata/vs-code-data/uav-fpga/uav-sim/fpga/hls/prj_path_planner/solution1'.
INFO: [HLS 200-10] Cleaning up the solution database.
INFO: [HLS 200-1505] Using default flow_target 'vivado'
Resolution: For help on HLS 200-1505 see docs.xilinx.com/access/sources/dita/topic?Doc_Version=2023.2%20English&url=ug1448-hls-guidance&resourceid=200-1505.html
INFO: [HLS 200-1510] Running: set_part xczu3eg-sfvc784-1-i 
INFO: [HLS 200-1611] Setting target device to 'xczu3eg-sfvc784-1-i'
INFO: [HLS 200-1510] Running: create_clock -period 10 -name default 
INFO: [SYN 201-201] Setting up clock 'default' with a period of 10ns.
INFO: [HLS 200-1510] Running: csim_design 
INFO: [SIM 211-2] *************** CSIM start ***************
INFO: [SIM 211-4] CSIM will launch GCC as the compiler.
INFO: [HLS 200-2036] Building debug C Simulation binaries
   Compiling ../../../../tb/tb_path_planner.cpp in debug mode
   Compiling ../../../../src/path_planner_3d.cpp in debug mode
   Generating csim.exe
==========================================
   Starting Vitis HLS Path Planner TB     
==========================================
Planner Finished! Path Node Count: 9
First Waypoint: (10, 10, 10)
SUCCESS: 3D Path Planning C-Simulation Complete!
INFO: [SIM 211-1] CSim done with 0 errors.
INFO: [SIM 211-3] *************** CSIM finish ***************
INFO: [HLS 200-111] Finished Command csim_design CPU user time: 18.35 seconds. CPU system time: 1.23 seconds. Elapsed time: 19.75 seconds; current allocated memory: 0.141 MB.
INFO: [HLS 200-1510] Running: csynth_design 
INFO: [HLS 200-111] Finished File checks and directory preparation: CPU user time: 0.1 seconds. CPU system time: 0.02 seconds. Elapsed time: 0.12 seconds; current allocated memory: 229.301 MB.
INFO: [HLS 200-10] Analyzing design file 'src/path_planner_3d.cpp' ... 
INFO: [HLS 200-111] Finished Source Code Analysis and Preprocessing: CPU user time: 34.36 seconds. CPU system time: 2.13 seconds. Elapsed time: 36.8 seconds; current allocated memory: 235.660 MB.
INFO: [HLS 200-777] Using interface defaults for 'Vivado' flow target.
INFO: [HLS 200-1995] There were 388 instructions in the design after the 'Compile/Link' phase of compilation. See the Design Size Report for more details: /home/hadynata/vs-code-data/uav-fpga/uav-sim/fpga/hls/prj_path_planner/solution1/syn/report/csynth_design_size.rpt
INFO: [HLS 200-1995] There were 248 instructions in the design after the 'Unroll/Inline (step 1)' phase of compilation. See the Design Size Report for more details: /home/hadynata/vs-code-data/uav-fpga/uav-sim/fpga/hls/prj_path_planner/solution1/syn/report/csynth_design_size.rpt
INFO: [HLS 200-1995] There were 226 instructions in the design after the 'Unroll/Inline (step 2)' phase of compilation. See the Design Size Report for more details: /home/hadynata/vs-code-data/uav-fpga/uav-sim/fpga/hls/prj_path_planner/solution1/syn/report/csynth_design_size.rpt
INFO: [HLS 200-1995] There were 218 instructions in the design after the 'Unroll/Inline (step 3)' phase of compilation. See the Design Size Report for more details: /home/hadynata/vs-code-data/uav-fpga/uav-sim/fpga/hls/prj_path_planner/solution1/syn/report/csynth_design_size.rpt
INFO: [HLS 200-1995] There were 214 instructions in the design after the 'Unroll/Inline (step 4)' phase of compilation. See the Design Size Report for more details: /home/hadynata/vs-code-data/uav-fpga/uav-sim/fpga/hls/prj_path_planner/solution1/syn/report/csynth_design_size.rpt
INFO: [HLS 200-1995] There were 517 instructions in the design after the 'Array/Struct (step 1)' phase of compilation. See the Design Size Report for more details: /home/hadynata/vs-code-data/uav-fpga/uav-sim/fpga/hls/prj_path_planner/solution1/syn/report/csynth_design_size.rpt
INFO: [HLS 200-1995] There were 471 instructions in the design after the 'Array/Struct (step 2)' phase of compilation. See the Design Size Report for more details: /home/hadynata/vs-code-data/uav-fpga/uav-sim/fpga/hls/prj_path_planner/solution1/syn/report/csynth_design_size.rpt
INFO: [HLS 200-1995] There were 471 instructions in the design after the 'Array/Struct (step 3)' phase of compilation. See the Design Size Report for more details: /home/hadynata/vs-code-data/uav-fpga/uav-sim/fpga/hls/prj_path_planner/solution1/syn/report/csynth_design_size.rpt
INFO: [HLS 200-1995] There were 471 instructions in the design after the 'Array/Struct (step 4)' phase of compilation. See the Design Size Report for more details: /home/hadynata/vs-code-data/uav-fpga/uav-sim/fpga/hls/prj_path_planner/solution1/syn/report/csynth_design_size.rpt
INFO: [HLS 200-1995] There were 474 instructions in the design after the 'Array/Struct (step 5)' phase of compilation. See the Design Size Report for more details: /home/hadynata/vs-code-data/uav-fpga/uav-sim/fpga/hls/prj_path_planner/solution1/syn/report/csynth_design_size.rpt
INFO: [HLS 200-1995] There were 474 instructions in the design after the 'Performance (step 1)' phase of compilation. See the Design Size Report for more details: /home/hadynata/vs-code-data/uav-fpga/uav-sim/fpga/hls/prj_path_planner/solution1/syn/report/csynth_design_size.rpt
INFO: [HLS 200-1995] There were 472 instructions in the design after the 'Performance (step 2)' phase of compilation. See the Design Size Report for more details: /home/hadynata/vs-code-data/uav-fpga/uav-sim/fpga/hls/prj_path_planner/solution1/syn/report/csynth_design_size.rpt
INFO: [HLS 200-1995] There were 472 instructions in the design after the 'Performance (step 3)' phase of compilation. See the Design Size Report for more details: /home/hadynata/vs-code-data/uav-fpga/uav-sim/fpga/hls/prj_path_planner/solution1/syn/report/csynth_design_size.rpt
INFO: [HLS 200-1995] There were 472 instructions in the design after the 'Performance (step 4)' phase of compilation. See the Design Size Report for more details: /home/hadynata/vs-code-data/uav-fpga/uav-sim/fpga/hls/prj_path_planner/solution1/syn/report/csynth_design_size.rpt
INFO: [HLS 200-1995] There were 510 instructions in the design after the 'HW Transforms (step 1)' phase of compilation. See the Design Size Report for more details: /home/hadynata/vs-code-data/uav-fpga/uav-sim/fpga/hls/prj_path_planner/solution1/syn/report/csynth_design_size.rpt
INFO: [HLS 200-1995] There were 538 instructions in the design after the 'HW Transforms (step 2)' phase of compilation. See the Design Size Report for more details: /home/hadynata/vs-code-data/uav-fpga/uav-sim/fpga/hls/prj_path_planner/solution1/syn/report/csynth_design_size.rpt
INFO: [HLS 214-131] Inlining function 'get_index(int, int, int)' into 'path_planner_3d' (src/path_planner_3d.cpp:51:21)
INFO: [HLS 214-131] Inlining function 'get_index(int, int, int)' into 'path_planner_3d' (src/path_planner_3d.cpp:110:23)
INFO: [HLS 214-131] Inlining function 'get_index(int, int, int)' into 'path_planner_3d' (src/path_planner_3d.cpp:87:37)
INFO: [HLS 214-188] Unrolling loop 'NEIGHBOR_X' (src/path_planner_3d.cpp:72:29) in function 'path_planner_3d' partially with a factor of 2 (src/path_planner_3d.cpp:22:0)
INFO: [HLS 214-248] Applying array_partition to 'local_grid': Cyclic partitioning with factor 8 on dimension 1. (src/path_planner_3d.cpp:35:13)
INFO: [HLS 214-248] Applying array_partition to 'g_score': Cyclic partitioning with factor 8 on dimension 1. (src/path_planner_3d.cpp:38:6)
INFO: [HLS 214-115] Multiple burst reads of length 32768 and bit width 8 in loop 'LOAD_GRID'(src/path_planner_3d.cpp:44:16) has been inferred on bundle 'gmem0'. These burst requests might be further partitioned into multiple requests during RTL generation, based on max_read_burst_length or max_write_burst_length settings. (src/path_planner_3d.cpp:44:16)
INFO: [HLS 200-111] Finished Compiling Optimization and Transform: CPU user time: 4.08 seconds. CPU system time: 0.62 seconds. Elapsed time: 8.97 seconds; current allocated memory: 236.754 MB.
INFO: [HLS 200-111] Finished Checking Pragmas: CPU user time: 0 seconds. CPU system time: 0 seconds. Elapsed time: 0 seconds; current allocated memory: 236.754 MB.
INFO: [HLS 200-10] Starting code transformations ...
INFO: [HLS 200-111] Finished Standard Transforms: CPU user time: 0.14 seconds. CPU system time: 0.01 seconds. Elapsed time: 0.16 seconds; current allocated memory: 237.816 MB.
INFO: [HLS 200-10] Checking synthesizability ...
INFO: [HLS 200-111] Finished Checking Synthesizability: CPU user time: 0.12 seconds. CPU system time: 0.01 seconds. Elapsed time: 0.13 seconds; current allocated memory: 238.141 MB.
INFO: [XFORM 203-401] Performing if-conversion on hyperblock from (src/path_planner_3d.cpp:103:23) to (src/path_planner_3d.cpp:61:18) in function 'path_planner_3d'... converting 10 basic blocks.
INFO: [XFORM 203-11] Balancing expressions in function 'path_planner_3d' (src/path_planner_3d.cpp:6:29)...3 expression(s) balanced.
INFO: [HLS 200-111] Finished Loop, function and other optimizations: CPU user time: 0.44 seconds. CPU system time: 0.02 seconds. Elapsed time: 0.47 seconds; current allocated memory: 263.312 MB.
WARNING: [HLS 200-960] Cannot flatten loop 'NEIGHBOR_Y' (src/path_planner_3d.cpp:71:25) in function 'path_planner_3d' the outer loop is not a perfect loop because there is nontrivial logic before entering the inner loop.
Resolution: For help on HLS 200-960 see docs.xilinx.com/access/sources/dita/topic?Doc_Version=2023.2%20English&url=ug1448-hls-guidance&resourceid=200-960.html
INFO: [XFORM 203-541] Flattening a loop nest 'NEIGHBOR_Z' (src/path_planner_3d.cpp:70:21) in function 'path_planner_3d'.
WARNING: [HLS 200-960] Cannot flatten loop 'SEARCH_LOOP' (src/path_planner_3d.cpp:61:18) in function 'path_planner_3d' the outer loop is not a perfect loop because there is nontrivial logic before entering the inner loop.
Resolution: For help on HLS 200-960 see docs.xilinx.com/access/sources/dita/topic?Doc_Version=2023.2%20English&url=ug1448-hls-guidance&resourceid=200-960.html
INFO: [HLS 200-111] Finished Architecture Synthesis: CPU user time: 0.3 seconds. CPU system time: 0.02 seconds. Elapsed time: 0.31 seconds; current allocated memory: 284.996 MB.
INFO: [HLS 200-10] Starting hardware synthesis ...
INFO: [HLS 200-10] Synthesizing 'path_planner_3d' ...
INFO: [HLS 200-10] ----------------------------------------------------------------
INFO: [HLS 200-42] -- Implementing module 'path_planner_3d_Pipeline_LOAD_GRID' 
INFO: [HLS 200-10] ----------------------------------------------------------------
INFO: [SCHED 204-11] Starting scheduling ...
INFO: [SCHED 204-61] Pipelining loop 'LOAD_GRID'.
INFO: [HLS 200-1470] Pipelining result : Target II = 1, Final II = 1, Depth = 3, loop 'LOAD_GRID'
INFO: [SCHED 204-11] Finished scheduling.
INFO: [HLS 200-111] Finished Scheduling: CPU user time: 0.11 seconds. CPU system time: 0.03 seconds. Elapsed time: 0.15 seconds; current allocated memory: 286.773 MB.
INFO: [BIND 205-100] Starting micro-architecture generation ...
INFO: [BIND 205-101] Performing variable lifetime analysis.
INFO: [BIND 205-101] Exploring resource sharing.
INFO: [BIND 205-101] Binding ...
INFO: [BIND 205-100] Finished micro-architecture generation.
INFO: [HLS 200-111] Finished Binding: CPU user time: 0.03 seconds. CPU system time: 0 seconds. Elapsed time: 0.03 seconds; current allocated memory: 286.773 MB.
INFO: [HLS 200-10] ----------------------------------------------------------------
INFO: [HLS 200-42] -- Implementing module 'path_planner_3d_Pipeline_NEIGHBOR_X' 
INFO: [HLS 200-10] ----------------------------------------------------------------
INFO: [SCHED 204-11] Starting scheduling ...
INFO: [SCHED 204-61] Pipelining loop 'NEIGHBOR_X'.
WARNING: [HLS 200-880] The II Violation in module 'path_planner_3d_Pipeline_NEIGHBOR_X' (loop 'NEIGHBOR_X'): Unable to enforce a carried dependence constraint (II = 1, distance = 1, offset = 1) between 'store' operation 0 bit ('g_score_addr_2_write_ln93', src/path_planner_3d.cpp:93) of variable 'new_g', src/path_planner_3d.cpp:91 on array 'g_score' and 'load' operation 32 bit ('g_score_load_3', src/path_planner_3d.cpp:92) on array 'g_score'.
Resolution: For help on HLS 200-880 see docs.xilinx.com/access/sources/dita/topic?Doc_Version=2023.2%20English&url=ug1448-hls-guidance&resourceid=200-880.html
WARNING: [HLS 200-880] The II Violation in module 'path_planner_3d_Pipeline_NEIGHBOR_X' (loop 'NEIGHBOR_X'): Unable to enforce a carried dependence constraint (II = 2, distance = 1, offset = 1) between 'store' operation 0 bit ('g_score_addr_2_write_ln93', src/path_planner_3d.cpp:93) of variable 'new_g', src/path_planner_3d.cpp:91 on array 'g_score' and 'load' operation 32 bit ('g_score_load', src/path_planner_3d.cpp:91) on array 'g_score'.
Resolution: For help on HLS 200-880 see docs.xilinx.com/access/sources/dita/topic?Doc_Version=2023.2%20English&url=ug1448-hls-guidance&resourceid=200-880.html
WARNING: [HLS 200-880] The II Violation in module 'path_planner_3d_Pipeline_NEIGHBOR_X' (loop 'NEIGHBOR_X'): Unable to enforce a carried dependence constraint (II = 3, distance = 1, offset = 1) between 'store' operation 0 bit ('g_score_addr_2_write_ln93', src/path_planner_3d.cpp:93) of variable 'new_g', src/path_planner_3d.cpp:91 on array 'g_score' and 'load' operation 32 bit ('g_score_load', src/path_planner_3d.cpp:91) on array 'g_score'.
Resolution: For help on HLS 200-880 see docs.xilinx.com/access/sources/dita/topic?Doc_Version=2023.2%20English&url=ug1448-hls-guidance&resourceid=200-880.html
INFO: [HLS 200-1470] Pipelining result : Target II = 1, Final II = 4, Depth = 5, loop 'NEIGHBOR_X'
INFO: [SCHED 204-11] Finished scheduling.
INFO: [HLS 200-111] Finished Scheduling: CPU user time: 0.3 seconds. CPU system time: 0 seconds. Elapsed time: 0.3 seconds; current allocated memory: 287.848 MB.
INFO: [BIND 205-100] Starting micro-architecture generation ...
INFO: [BIND 205-101] Performing variable lifetime analysis.
INFO: [BIND 205-101] Exploring resource sharing.
INFO: [BIND 205-101] Binding ...
INFO: [BIND 205-100] Finished micro-architecture generation.
INFO: [HLS 200-111] Finished Binding: CPU user time: 0.07 seconds. CPU system time: 0.01 seconds. Elapsed time: 0.07 seconds; current allocated memory: 287.848 MB.
INFO: [HLS 200-10] ----------------------------------------------------------------
INFO: [HLS 200-42] -- Implementing module 'path_planner_3d_Pipeline_WRITE_PATH' 
INFO: [HLS 200-10] ----------------------------------------------------------------
INFO: [SCHED 204-11] Starting scheduling ...
INFO: [SCHED 204-61] Pipelining loop 'WRITE_PATH'.
WARNING: [HLS 200-880] The II Violation in module 'path_planner_3d_Pipeline_WRITE_PATH' (loop 'WRITE_PATH'): Unable to enforce a carried dependence constraint (II = 1, distance = 1, offset = 1) between bus write operation ('gmem1_addr_write_ln121', src/path_planner_3d.cpp:121) on port 'gmem1' (src/path_planner_3d.cpp:121) and bus write operation ('gmem1_addr_write_ln121', src/path_planner_3d.cpp:121) on port 'gmem1' (src/path_planner_3d.cpp:121).
Resolution: For help on HLS 200-880 see docs.xilinx.com/access/sources/dita/topic?Doc_Version=2023.2%20English&url=ug1448-hls-guidance&resourceid=200-880.html
INFO: [HLS 200-1470] Pipelining result : Target II = 1, Final II = 2, Depth = 9, loop 'WRITE_PATH'
INFO: [SCHED 204-11] Finished scheduling.
INFO: [HLS 200-111] Finished Scheduling: CPU user time: 0.17 seconds. CPU system time: 0 seconds. Elapsed time: 0.17 seconds; current allocated memory: 289.352 MB.
INFO: [BIND 205-100] Starting micro-architecture generation ...
INFO: [BIND 205-101] Performing variable lifetime analysis.
INFO: [BIND 205-101] Exploring resource sharing.
INFO: [BIND 205-101] Binding ...
INFO: [BIND 205-100] Finished micro-architecture generation.
INFO: [HLS 200-111] Finished Binding: CPU user time: 0.03 seconds. CPU system time: 0.01 seconds. Elapsed time: 0.04 seconds; current allocated memory: 289.352 MB.
INFO: [HLS 200-10] ----------------------------------------------------------------
INFO: [HLS 200-42] -- Implementing module 'path_planner_3d' 
INFO: [HLS 200-10] ----------------------------------------------------------------
INFO: [SCHED 204-11] Starting scheduling ...
INFO: [SCHED 204-11] Finished scheduling.
INFO: [HLS 200-111] Finished Scheduling: CPU user time: 0.19 seconds. CPU system time: 0 seconds. Elapsed time: 0.2 seconds; current allocated memory: 291.285 MB.
INFO: [BIND 205-100] Starting micro-architecture generation ...
INFO: [BIND 205-101] Performing variable lifetime analysis.
INFO: [BIND 205-101] Exploring resource sharing.
INFO: [BIND 205-101] Binding ...
INFO: [BIND 205-100] Finished micro-architecture generation.
INFO: [HLS 200-111] Finished Binding: CPU user time: 0.07 seconds. CPU system time: 0 seconds. Elapsed time: 0.07 seconds; current allocated memory: 291.285 MB.
INFO: [HLS 200-10] ----------------------------------------------------------------
INFO: [HLS 200-10] -- Generating RTL for module 'path_planner_3d_Pipeline_LOAD_GRID' 
INFO: [HLS 200-10] ----------------------------------------------------------------
INFO: [HLS 200-1030] Apply Unified Pipeline Control on module 'path_planner_3d_Pipeline_LOAD_GRID' pipeline 'LOAD_GRID' pipeline type 'loop pipeline'
WARNING: [RTGEN 206-101] Setting dangling out port 'path_planner_3d_Pipeline_LOAD_GRID/m_axi_gmem0_ARVALID' to 0.
WARNING: [RTGEN 206-101] Setting dangling out port 'path_planner_3d_Pipeline_LOAD_GRID/m_axi_gmem0_ARADDR' to 0.
WARNING: [RTGEN 206-101] Setting dangling out port 'path_planner_3d_Pipeline_LOAD_GRID/m_axi_gmem0_ARID' to 0.
WARNING: [RTGEN 206-101] Setting dangling out port 'path_planner_3d_Pipeline_LOAD_GRID/m_axi_gmem0_ARLEN' to 0.
WARNING: [RTGEN 206-101] Setting dangling out port 'path_planner_3d_Pipeline_LOAD_GRID/m_axi_gmem0_ARSIZE' to 0.
WARNING: [RTGEN 206-101] Setting dangling out port 'path_planner_3d_Pipeline_LOAD_GRID/m_axi_gmem0_ARBURST' to 0.
WARNING: [RTGEN 206-101] Setting dangling out port 'path_planner_3d_Pipeline_LOAD_GRID/m_axi_gmem0_ARLOCK' to 0.
WARNING: [RTGEN 206-101] Setting dangling out port 'path_planner_3d_Pipeline_LOAD_GRID/m_axi_gmem0_ARCACHE' to 0.
WARNING: [RTGEN 206-101] Setting dangling out port 'path_planner_3d_Pipeline_LOAD_GRID/m_axi_gmem0_ARPROT' to 0.
WARNING: [RTGEN 206-101] Setting dangling out port 'path_planner_3d_Pipeline_LOAD_GRID/m_axi_gmem0_ARQOS' to 0.
WARNING: [RTGEN 206-101] Setting dangling out port 'path_planner_3d_Pipeline_LOAD_GRID/m_axi_gmem0_ARREGION' to 0.
WARNING: [RTGEN 206-101] Setting dangling out port 'path_planner_3d_Pipeline_LOAD_GRID/m_axi_gmem0_ARUSER' to 0.
INFO: [RTGEN 206-100] Finished creating RTL model for 'path_planner_3d_Pipeline_LOAD_GRID'.
INFO: [HLS 200-111] Finished Creating RTL model: CPU user time: 0.11 seconds. CPU system time: 0.02 seconds. Elapsed time: 0.13 seconds; current allocated memory: 291.285 MB.
INFO: [HLS 200-10] ----------------------------------------------------------------
INFO: [HLS 200-10] -- Generating RTL for module 'path_planner_3d_Pipeline_NEIGHBOR_X' 
INFO: [HLS 200-10] ----------------------------------------------------------------
INFO: [HLS 200-1030] Apply Unified Pipeline Control on module 'path_planner_3d_Pipeline_NEIGHBOR_X' pipeline 'NEIGHBOR_X' pipeline type 'loop pipeline'
INFO: [RTGEN 206-100] Generating core module 'sparsemux_17_3_1_1_1': 2 instance(s).
INFO: [RTGEN 206-100] Generating core module 'sparsemux_17_3_32_1_1': 4 instance(s).
INFO: [RTGEN 206-100] Finished creating RTL model for 'path_planner_3d_Pipeline_NEIGHBOR_X'.
INFO: [HLS 200-111] Finished Creating RTL model: CPU user time: 0.29 seconds. CPU system time: 0.03 seconds. Elapsed time: 0.32 seconds; current allocated memory: 293.723 MB.
INFO: [HLS 200-10] ----------------------------------------------------------------
INFO: [HLS 200-10] -- Generating RTL for module 'path_planner_3d_Pipeline_WRITE_PATH' 
INFO: [HLS 200-10] ----------------------------------------------------------------
INFO: [RTGEN 206-100] Finished creating RTL model for 'path_planner_3d_Pipeline_WRITE_PATH'.
INFO: [HLS 200-111] Finished Creating RTL model: CPU user time: 0.27 seconds. CPU system time: 0.01 seconds. Elapsed time: 0.29 seconds; current allocated memory: 298.082 MB.
INFO: [HLS 200-10] ----------------------------------------------------------------
INFO: [HLS 200-10] -- Generating RTL for module 'path_planner_3d' 
INFO: [HLS 200-10] ----------------------------------------------------------------
WARNING: [RTGEN 206-101] Design contains AXI ports. Reset is fixed to synchronous and active low.
INFO: [RTGEN 206-500] Setting interface mode on port 'path_planner_3d/gmem0' to 'm_axi'.
INFO: [RTGEN 206-500] Setting interface mode on port 'path_planner_3d/gmem1' to 'm_axi'.
INFO: [RTGEN 206-500] Setting interface mode on port 'path_planner_3d/grid_map' to 's_axilite & ap_none'.
INFO: [RTGEN 206-500] Setting interface mode on port 'path_planner_3d/start_node' to 's_axilite & ap_none'.
INFO: [RTGEN 206-500] Setting interface mode on port 'path_planner_3d/goal_node' to 's_axilite & ap_none'.
INFO: [RTGEN 206-500] Setting interface mode on port 'path_planner_3d/path_out' to 's_axilite & ap_none'.
INFO: [RTGEN 206-500] Setting interface mode on port 'path_planner_3d/path_length' to 's_axilite & ap_none'.
INFO: [RTGEN 206-500] Setting interface mode on function 'path_planner_3d' to 's_axilite & ap_ctrl_hs'.
INFO: [RTGEN 206-100] Bundling port 'start_node', 'goal_node' to AXI-Lite port control.
INFO: [RTGEN 206-100] Bundling port 'grid_map', 'path_out' and 'path_length' to AXI-Lite port control_r.
INFO: [RTGEN 206-100] Finished creating RTL model for 'path_planner_3d'.
INFO: [RTMG 210-278] Implementing memory 'path_planner_3d_local_grid_RAM_AUTO_1R1W' using auto RAMs.
INFO: [RTMG 210-278] Implementing memory 'path_planner_3d_g_score_RAM_AUTO_1R1W' using auto RAMs.
INFO: [HLS 200-111] Finished Creating RTL model: CPU user time: 0.22 seconds. CPU system time: 0.02 seconds. Elapsed time: 0.24 seconds; current allocated memory: 303.496 MB.
INFO: [HLS 200-111] Finished Generating all RTL models: CPU user time: 0.55 seconds. CPU system time: 0.05 seconds. Elapsed time: 0.59 seconds; current allocated memory: 309.445 MB.
INFO: [HLS 200-1603] Design has inferred MAXI bursts and missed bursts, see Vitis HLS GUI synthesis summary report for detailed information.
INFO: [HLS 200-111] Finished Updating report files: CPU user time: 2.32 seconds. CPU system time: 0.04 seconds. Elapsed time: 2.37 seconds; current allocated memory: 317.660 MB.
INFO: [VHDL 208-304] Generating VHDL RTL for path_planner_3d.
INFO: [VLOG 209-307] Generating Verilog RTL for path_planner_3d.
INFO: [HLS 200-790] **** Loop Constraint Status: All loop constraints were NOT satisfied.
INFO: [HLS 200-789] **** Estimated Fmax: 136.99 MHz
INFO: [HLS 200-111] Finished Command csynth_design CPU user time: 44.32 seconds. CPU system time: 3.05 seconds. Elapsed time: 52 seconds; current allocated memory: 88.887 MB.
INFO: [HLS 200-112] Total CPU user time: 65.13 seconds. Total CPU system time: 4.67 seconds. Total elapsed time: 74.27 seconds; peak allocated memory: 317.844 MB.
INFO: [Common 17-206] Exiting vitis_hls at Sun Aug  2 17:50:03 2026...
